[
  {"group",
   [
     [
       {"id", "import-a-behavior-spec-into-a-goal"},
       {"name", "Import a behavior spec into a goal"}
     ]
   ]},
  {"id", "gherkin-import"},
  {"mode", "create"},
  {"name", "Import a behavior spec into a goal"},
  {"predicate",
   [
     [
       {"acceptance", true},
       {"args",
        ["-c",
         "echo 'kazi: behavior-spec scaffold — replace cmd/args with the real check for this scenario (its Given/When/Then steps are recorded on this predicate).' >&2; exit 1"]},
       {"cmd", "sh"},
       {"description",
        "A new spec derives predicates into a fresh goal-file: Given a docs/specs/*.feature behavior spec; When a contributor runs kazi spec import --into a non-existent goal-file; Then the goal-file is created; And it carries one custom_script acceptance predicate per Scenario; And the predicates are grouped by their Feature"},
       {"feature", "Import a behavior spec into a goal"},
       {"group", "import-a-behavior-spec-into-a-goal"},
       {"id",
        "import-a-behavior-spec-into-a-goal__a-new-spec-derives-predicates-into-a-fresh-goal-file"},
       {"provider", "custom_script"},
       {"scenario", "A new spec derives predicates into a fresh goal-file"},
       {"steps",
        ["Given a docs/specs/*.feature behavior spec",
         "When a contributor runs kazi spec import --into a non-existent goal-file",
         "Then the goal-file is created",
         "And it carries one custom_script acceptance predicate per Scenario",
         "And the predicates are grouped by their Feature"]},
       {"verdict", "exit_zero"}
     ],
     [
       {"acceptance", true},
       {"args",
        ["-c",
         "echo 'kazi: behavior-spec scaffold — replace cmd/args with the real check for this scenario (its Given/When/Then steps are recorded on this predicate).' >&2; exit 1"]},
       {"cmd", "sh"},
       {"description",
        "Re-importing the same spec upserts rather than duplicates: Given a goal-file already imported from a behavior spec; When the same behavior spec is imported again; Then each predicate keeps its Feature-plus-Scenario derived id; And no duplicate predicate is created"},
       {"feature", "Import a behavior spec into a goal"},
       {"group", "import-a-behavior-spec-into-a-goal"},
       {"id",
        "import-a-behavior-spec-into-a-goal__re-importing-the-same-spec-upserts-rather-than-duplicates"},
       {"provider", "custom_script"},
       {"scenario", "Re-importing the same spec upserts rather than duplicates"},
       {"steps",
        ["Given a goal-file already imported from a behavior spec",
         "When the same behavior spec is imported again",
         "Then each predicate keeps its Feature-plus-Scenario derived id",
         "And no duplicate predicate is created"]},
       {"verdict", "exit_zero"}
     ],
     [
       {"acceptance", true},
       {"args",
        ["-c",
         "echo 'kazi: behavior-spec scaffold — replace cmd/args with the real check for this scenario (its Given/When/Then steps are recorded on this predicate).' >&2; exit 1"]},
       {"cmd", "sh"},
       {"description",
        "A hand-authored live predicate survives a re-import: Given a goal-file with a hand-added live http_probe predicate; When the behavior spec is re-imported into that goal-file; Then the spec-derived predicates are upserted; And the hand-added live predicate is preserved untouched"},
       {"feature", "Import a behavior spec into a goal"},
       {"group", "import-a-behavior-spec-into-a-goal"},
       {"id",
        "import-a-behavior-spec-into-a-goal__a-hand-authored-live-predicate-survives-a-re-import"},
       {"provider", "custom_script"},
       {"scenario", "A hand-authored live predicate survives a re-import"},
       {"steps",
        ["Given a goal-file with a hand-added live http_probe predicate",
         "When the behavior spec is re-imported into that goal-file",
         "Then the spec-derived predicates are upserted",
         "And the hand-added live predicate is preserved untouched"]},
       {"verdict", "exit_zero"}
     ],
     [
       {"acceptance", true},
       {"args",
        ["-c",
         "echo 'kazi: behavior-spec scaffold — replace cmd/args with the real check for this scenario (its Given/When/Then steps are recorded on this predicate).' >&2; exit 1"]},
       {"cmd", "sh"},
       {"description",
        "The machine surface emits the upserted predicate ids: Given a behavior spec and a target goal-file; When kazi spec import is run with the --json flag; Then it prints one decodable JSON object; And the object lists the upserted predicate ids"},
       {"feature", "Import a behavior spec into a goal"},
       {"group", "import-a-behavior-spec-into-a-goal"},
       {"id",
        "import-a-behavior-spec-into-a-goal__the-machine-surface-emits-the-upserted-predicate-ids"},
       {"provider", "custom_script"},
       {"scenario", "The machine surface emits the upserted predicate ids"},
       {"steps",
        ["Given a behavior spec and a target goal-file",
         "When kazi spec import is run with the --json flag",
         "Then it prints one decodable JSON object",
         "And the object lists the upserted predicate ids"]},
       {"verdict", "exit_zero"}
     ]
   ]}
]